PASS scripts/verify-abstraction.mjs
PASS scripts/verify-active-inference.mjs
PASS scripts/verify-alignment-manifold.mjs
PASS scripts/verify-anytime-evidence.mjs
PASS scripts/verify-argumentation.mjs
PASS scripts/verify-attention-self.mjs
PASS scripts/verify-automl-hyperband.mjs
PASS scripts/verify-autonomy25-wiring.mjs
PASS scripts/verify-awakening-kernels.mjs
PASS scripts/verify-awakening-wiring.mjs
PASS scripts/verify-belief-market.mjs
PASS scripts/verify-belief-propagation.mjs
PASS scripts/verify-causal-discovery.mjs
PASS scripts/verify-causal-kernel.mjs
PASS scripts/verify-compression-distance.mjs
PASS scripts/verify-conformal.mjs
PASS scripts/verify-consensus-sync.mjs
PASS scripts/verify-crowd-aggregation.mjs
PASS scripts/verify-curriculum-rd.mjs
PASS scripts/verify-deliberation.mjs
PASS scripts/verify-energy-feedback.mjs
PASS scripts/verify-equilibrium-kernels.mjs
PASS scripts/verify-equilibrium-wiring.mjs
PASS scripts/verify-execution-kernels.mjs
PASS scripts/verify-fabric-kernels.mjs
PASS scripts/verify-fabric-wiring.mjs
PASS scripts/verify-flux-kernels.mjs
PASS scripts/verify-flux-wiring.mjs
PASS scripts/verify-frontier-kernels.mjs
PASS scripts/verify-frontier-wiring.mjs
PASS scripts/verify-full-agents.mjs
PASS scripts/verify-futarchy.mjs
PASS scripts/verify-game-kernels.mjs
PASS scripts/verify-genesis-kernels.mjs
PASS scripts/verify-genesis-wiring.mjs
PASS scripts/verify-genesis25-wiring.mjs
PASS scripts/verify-global-workspace.mjs
PASS scripts/verify-hawkes-process.mjs
PASS scripts/verify-knowledge-distillation.mjs
PASS scripts/verify-lyapunov-drift.mjs
PASS scripts/verify-mapper-graph.mjs
PASS scripts/verify-mechanism-design.mjs
PASS scripts/verify-meta-cognition-v2.mjs
PASS scripts/verify-meta-cognition.mjs
PASS scripts/verify-meta-edge.mjs
PASS scripts/verify-metacognition-replay.mjs
PASS scripts/verify-metareasoning.mjs
PASS scripts/verify-mod-autonomy.mjs
PASS scripts/verify-mod-bench-dash.mjs
PASS scripts/verify-mod-client.mjs
PASS scripts/verify-mod-contracts.mjs
PASS scripts/verify-mod-decision.mjs
PASS scripts/verify-mod-distributed.mjs
PASS scripts/verify-mod-evolution.mjs
PASS scripts/verify-mod-executor.mjs
PASS scripts/verify-mod-governance.mjs
PASS scripts/verify-mod-integration.mjs
PASS scripts/verify-mod-memory.mjs
PASS scripts/verify-mod-meta.mjs
PASS scripts/verify-mod-pipeline.mjs
PASS scripts/verify-mod-reflect.mjs
PASS scripts/verify-mod-scheduler.mjs
PASS scripts/verify-mod-sentinel.mjs
PASS scripts/verify-mod-symbiosis.mjs
PASS scripts/verify-mod-telemetry.mjs
FAIL scripts/verify-mod-world.mjs
PASS scripts/verify-model-pomdp.mjs
PASS scripts/verify-novelty-detection.mjs
PASS scripts/verify-novelty-search.mjs
PASS scripts/verify-observability.mjs
PASS scripts/verify-online-frontier.mjs
PASS scripts/verify-ope-spi.mjs
PASS scripts/verify-partial-info-decomposition.mjs
PASS scripts/verify-policy-evolution.mjs
PASS scripts/verify-preference-learning.mjs
PASS scripts/verify-pricing-calibration.mjs
PASS scripts/verify-prophet-kernels.mjs
PASS scripts/verify-prophet-wiring.mjs
PASS scripts/verify-quality-diversity.mjs
PASS scripts/verify-r4-autonomy.mjs
PASS scripts/verify-r4-bench-dash.mjs
PASS scripts/verify-r4-client.mjs
PASS scripts/verify-r4-contracts.mjs
PASS scripts/verify-r4-decision.mjs
PASS scripts/verify-r4-distributed.mjs
PASS scripts/verify-r4-evolution.mjs
PASS scripts/verify-r4-executor.mjs
PASS scripts/verify-r4-governance.mjs
PASS scripts/verify-r4-integration.mjs
PASS scripts/verify-r4-memory.mjs
PASS scripts/verify-r4-meta.mjs
PASS scripts/verify-r4-pipeline.mjs
PASS scripts/verify-r4-reflect.mjs
PASS scripts/verify-r4-scheduler.mjs
PASS scripts/verify-r4-sentinel.mjs
PASS scripts/verify-r4-symbiosis.mjs
PASS scripts/verify-r4-telemetry.mjs
FAIL scripts/verify-r4-world.mjs
PASS scripts/verify-r5-bayes.mjs
PASS scripts/verify-r5-causal.mjs
FAIL scripts/verify-r5-consensus.mjs
PASS scripts/verify-r5-control.mjs
PASS scripts/verify-r5-decision.mjs
PASS scripts/verify-r5-evolutionary.mjs
PASS scripts/verify-r5-fairness.mjs
PASS scripts/verify-r5-game.mjs
PASS scripts/verify-r5-infogeo.mjs
PASS scripts/verify-r5-integration.mjs
PASS scripts/verify-r5-learning.mjs
PASS scripts/verify-r5-metacognition.mjs
PASS scripts/verify-r5-online.mjs
PASS scripts/verify-r5-planning.mjs
PASS scripts/verify-r5-resilience.mjs
PASS scripts/verify-r5-spectral.mjs
FAIL scripts/verify-r5-statistics.mjs
PASS scripts/verify-r5-stochastic.mjs
PASS scripts/verify-r5-topology.mjs
PASS scripts/verify-resilience-governance.mjs
PASS scripts/verify-runtime-verification.mjs
PASS scripts/verify-scientist.mjs
PASS scripts/verify-search-sparse.mjs
PASS scripts/verify-self-evolution-v2.mjs
PASS scripts/verify-self-evolution.mjs
PASS scripts/verify-self-play.mjs
PASS scripts/verify-shapley.mjs
PASS scripts/verify-sim-interrupt.mjs
PASS scripts/verify-speculative-decoding.mjs
PASS scripts/verify-stable-matching.mjs
PASS scripts/verify-stochastic-optimization.mjs
PASS scripts/verify-streaming-sketch.mjs
PASS scripts/verify-symbiosis-bridge.mjs
PASS scripts/verify-symbiosis.mjs
PASS scripts/verify-symbolic-solver.mjs
PASS scripts/verify-test-time-compute.mjs
PASS scripts/verify-theorist.mjs
PASS scripts/verify-unified-evidence.mjs
PASS scripts/verify-variational-langevin.mjs
PASS scripts/verify-whittle-index.mjs
